   Compiling pydssp-rs v0.1.0 (/app)
    Finished `test` profile [unoptimized + debuginfo] target(s) in 0.28s
     Running unittests src/lib.rs (target/debug/deps/pydssp_rs-f9e62af6fbc87692)

running 0 tests

test result: ok. 0 passed; 0 failed; 0 ignored; 0 measured; 0 filtered out; finished in 0.00s

     Running tests/integration_test.rs (target/debug/deps/integration_test-0c8769ea78bbb29c)

running 1 test
Mean Correlation: 0.9754157538882201
test test_ts50_correlation ... ok

test result: ok. 1 passed; 0 failed; 0 ignored; 0 measured; 0 filtered out; finished in 5.57s

   Doc-tests pydssp_rs

running 0 tests

test result: ok. 0 passed; 0 failed; 0 ignored; 0 measured; 0 filtered out; finished in 0.00s
